
# File Information

    Filename:  /mnt/DATA_DISK/Workspace/10_Project/01_SW/00_Python/inc1-cad-tool/example/pinmux.xlsx
    Sheetname: Pinmux
    Scope:     Top

# Category

    | Group | Functions     |
    |-------|---------------|
    | SDIO  | SDIO, SDIO2   |
    | BMC   | BMC           |
    | JTAG  | JTAG          |

# Parsing Ignore

    | Function | Pattern  |
    |----------|----------|
    | FUNC     | FUNC_\w+ |

# Function

- SDIO

    | Type  | Desc.        | Dir. | Port | PadCell  | Index |
    |-------|--------------|------|------|----------|-------|
    | Clock | SDIO_CLK(BS) | O    | MC13 | NVT TSIO | E6    |
    | Data  | SDIO_CMD(BS) | IO   | MC14 | NVT TSIO | E7    |
    | Data  | SDIO_D0(BS)  | IO   | MC15 | NVT TSIO | E8    |
    | Data  | SDIO_D1(BS)  | IO   | MC16 | NVT TSIO | E9    |
    | Data  | SDIO_D2(BS)  | IO   | MC17 | NVT TSIO | E10   |
    | Data  | SDIO_D3(BS)  | IO   | MC18 | NVT TSIO | E11   |

    set SDIO_PADCLK_O [get_ports {MC13}]
    set SDIO_PORT_I   [get_ports {MC14 MC17 MC18}]
    set SDIO_PORT_O   [get_ports {MC14 MC17 MC18}]

    set SDIO_DATA_H [get_ports {MC15 MC16}]

- SDIO2

    | Type  | Desc.     | Dir. | Port | PadCell  | Index |
    |-------|-----------|------|------|----------|-------|
    | Clock | SDIO2_CLK | O    | MC19 | NVT TSIO | E12   |
    | Data  | SDIO2_CMD | IO   | MC20 | NVT TSIO | E13   |
    | Data  | SDIO2_D0  | IO   | MC21 | NVT TSIO | E14   |
    | Data  | SDIO2_D1  | IO   | MC22 | NVT TSIO | E15   |
    | Data  | SDIO2_D2  | IO   | MC23 | NVT TSIO | E16   |
    | Data  | SDIO2_D3  | IO   | MC24 | NVT TSIO | E17   |

    set SDIO2_PADCLK_O [get_ports {MC19}]
    set SDIO2_PORT_I   [get_ports {MC20 MC23 MC24}]
    set SDIO2_PORT_O   [get_ports {MC20 MC23 MC24}]

    set SDIO2_DATA_H [get_ports {MC21 MC22}]

- BMC

    | Type  | Desc.   | Dir. | Port | PadCell  | Index |
    |-------|---------|------|------|----------|-------|
    | Clock | BMC_CLK | O    | MC19 | NVT TSIO | I12   |
    | Data  | BMC_CS  | O    | MC20 | NVT TSIO | I13   |
    | Data  | BMC_DI  | I    | MC21 | NVT TSIO | I14   |
    | Data  | BMC_DO  | O    | MC22 | NVT TSIO | I15   |

    set BMC_PADCLK_O [get_ports {MC19}]
    set BMC_PORT_I   [get_ports {MC21}]
    set BMC_PORT_O   [get_ports {MC20 MC22}]

- JTAG

    | Type  | Desc.    | Dir. | Port   | PadCell   | Index |
    |-------|----------|------|--------|-----------|-------|
    | Clock | JTAG_TCK | I    | DGPIO1 | PAD TYPE2 | E35   |
    | Data  | JTAG_TMS | IO   | DGPIO2 | PAD TYPE2 | E36   |
    | Data  | JTAG_TDI | I    | DGPIO3 | PAD TYPE2 | E37   |
    | Data  | JTAG_TDO | O    | DGPIO4 | PAD TYPE2 | E38   |

    set JTAG_PADCLK_I [get_ports {DGPIO1}]
    set JTAG_PORT_I   [get_ports {DGPIO2 DGPIO3}]
    set JTAG_PORT_O   [get_ports {DGPIO2 DGPIO4}]

